PNG

IHDR        ph      pHYs  .#  .#x?v
OiCCPPhotoshop ICC profile  x⁄ùSgTS=BKKoR RB&*!        J!QEEQ,
!{k÷ºH3Q5B.@
$p d!s# ~<<+" x M0B\t8 @zB @F&S  `cb P- `' { [!  eD h; VE X0 fK9 - 0IWfH   0Q) { `##x  FW<+*  x<$9E-qWW.(I+6aa@.y24  x6_-"bbœ´p@  t~,/;m%h^uf@ Wp~<<EJB[aW}g_Wl~<$2]GLœí   bG"IbX*QqD2"B)%d,>5 j>{-]K'Xt  ohw?G% fIq  ^D$.T ≥  D*A,`6B$BB
dr`)B(Õ∞*`/@4Qhp.U=p(      a!⁄àbX!H$ …àQ"K5H1RT UH=r9\F; 2G1Q=C7Fdt1r=6–´h⁄è>C03l0.B8,        cÀ±"Vcœ±wE   6wB aAHXLXNH $4     7       Q'"K&b21XH,#/{C7$C2'ITFnR#,4H#dk9, +»Ö3
«àg(gwL”ãT071oUX**|u9ÕÉIKhhit›ïNWGw
curl: (23) Failed writing body (1153 != 16384)